../Core/Inc/flo_edge.h:22:6:press_vp	8	static
../Core/Inc/flo_edge.h:25:6:release_vp	8	static
../Core/Inc/flo_edge.h:28:6:press_vm	8	static
../Core/Inc/flo_edge.h:31:6:release_vm	8	static
../Core/Inc/flo_edge.h:34:6:press_p	8	static
../Core/Inc/flo_edge.h:37:6:release_p	8	static
../Core/Inc/flo_edge.h:42:6:set_debug_led	16	static
../Core/Inc/flo_edge.h:57:6:set_rgb_led	24	static
../Core/Inc/flo_edge.h:78:5:read_push_button	24	static
../Core/Inc/flo_edge.h:90:5:read_boot_mode	24	static
../Core/Inc/flo_edge.h:102:5:read_haptic	24	static
../Core/Inc/flo_edge.h:113:6:flo_edge_init	8	static
../Core/Inc/flo_edge.h:121:6:boot_main	32	static
../Core/Inc/flo_edge.h:203:6:fastboot_main	24	static
../Core/Inc/flo_edge.h:248:6:flo_edge_main	24	static
../Core/Src/main.c:65:5:main	8	static
../Core/Src/main.c:125:6:SystemClock_Config	80	static
../Core/Src/main.c:166:13:MX_ADC_Init	24	static
../Core/Src/main.c:220:13:MX_GPIO_Init	48	static
../Core/Src/main.c:280:6:Error_Handler	8	static,ignoring_inline_asm
